/home/mogunleye/miniconda3/envs/ofa1/lib/python3.9/site-packages/torch/distributed/launch.py:178: FutureWarning: The module torch.distributed.launch is deprecated
and will be removed in future. Use torchrun.
Note that --use_env is set by default in torchrun.
If your script expects `--local_rank` argument to be set, please
change it to read from `os.environ['LOCAL_RANK']` instead. See 
https://pytorch.org/docs/stable/distributed.html#launch-utility for 
further instructions

  warnings.warn(
WARNING:torch.distributed.run:
*****************************************
Setting OMP_NUM_THREADS environment variable for each process to be 1 in default, to avoid your system being overloaded, please further tune the variable for optimal performance in your application as needed. 
*****************************************
device =  1
2023-05-11 16:05:50 | INFO | fairseq.distributed.utils | distributed init (rank 1): env://
2023-05-11 16:05:50 | INFO | fairseq.distributed.utils | Start init
2023-05-11 16:05:50 | INFO | torch.distributed.distributed_c10d | Added key: store_based_barrier_key:1 to store for rank: 1
device =  0
2023-05-11 16:05:50 | INFO | fairseq.distributed.utils | distributed init (rank 0): env://
2023-05-11 16:05:50 | INFO | fairseq.distributed.utils | Start init
2023-05-11 16:05:50 | INFO | torch.distributed.distributed_c10d | Added key: store_based_barrier_key:1 to store for rank: 0
2023-05-11 16:05:50 | INFO | torch.distributed.distributed_c10d | Rank 0: Completed store-based barrier for key:store_based_barrier_key:1 with 2 nodes.
2023-05-11 16:05:50 | INFO | fairseq.distributed.utils | initialized host inf066 as rank 0
single-machine distributed training is initialized.
2023-05-11 16:05:50 | INFO | torch.distributed.distributed_c10d | Rank 1: Completed store-based barrier for key:store_based_barrier_key:1 with 2 nodes.
2023-05-11 16:05:50 | INFO | fairseq.distributed.utils | initialized host inf066 as rank 1
single-machine distributed training is initialized.
2023-05-11 16:05:59 | INFO | ofa.evaluate | {'_name': None, 'common': {'_name': None, 'no_progress_bar': False, 'log_interval': 10, 'log_format': 'simple', 'log_file': None, 'tensorboard_logdir': None, 'wandb_project': None, 'azureml_logging': False, 'seed': 7, 'cpu': False, 'tpu': False, 'bf16': False, 'memory_efficient_bf16': False, 'fp16': True, 'memory_efficient_fp16': False, 'fp16_no_flatten_grads': False, 'fp16_init_scale': 128, 'fp16_scale_window': None, 'fp16_scale_tolerance': 0.0, 'on_cpu_convert_precision': False, 'min_loss_scale': 0.0001, 'threshold_loss_scale': None, 'amp': False, 'amp_batch_retries': 2, 'amp_init_scale': 128, 'amp_scale_window': None, 'user_dir': '../../ofa_module', 'empty_cache_freq': 0, 'all_gather_list_size': 16384, 'model_parallel_size': 1, 'quantization_config_path': None, 'profile': False, 'reset_logging': False, 'suppress_crashes': False, 'use_plasma_view': False, 'plasma_path': '/tmp/plasma'}, 'common_eval': {'_name': None, 'path': '../../model_checkpoints/ofa_base.pt', 'post_process': None, 'quiet': False, 'model_overrides': '{}', 'results_path': '../../results/snli_ve'}, 'distributed_training': {'_name': None, 'distributed_world_size': 2, 'distributed_num_procs': 2, 'distributed_rank': 1, 'distributed_backend': 'nccl', 'distributed_init_method': 'env://', 'distributed_port': -1, 'device_id': 1, 'distributed_no_spawn': True, 'ddp_backend': 'pytorch_ddp', 'ddp_comm_hook': 'none', 'bucket_cap_mb': 25, 'fix_batches_to_gpus': False, 'find_unused_parameters': False, 'gradient_as_bucket_view': False, 'fast_stat_sync': False, 'heartbeat_timeout': -1, 'broadcast_buffers': False, 'slowmo_momentum': None, 'slowmo_algorithm': 'LocalSGD', 'localsgd_frequency': 3, 'nprocs_per_node': 2, 'pipeline_model_parallel': False, 'pipeline_balance': None, 'pipeline_devices': None, 'pipeline_chunks': 0, 'pipeline_encoder_balance': None, 'pipeline_encoder_devices': None, 'pipeline_decoder_balance': None, 'pipeline_decoder_devices': None, 'pipeline_checkpoint': 'never', 'zero_sharding': 'none', 'fp16': True, 'memory_efficient_fp16': False, 'tpu': False, 'no_reshard_after_forward': False, 'fp32_reduce_scatter': False, 'cpu_offload': False, 'use_sharded_state': False}, 'dataset': {'_name': None, 'num_workers': 0, 'skip_invalid_size_inputs_valid_test': False, 'max_tokens': None, 'batch_size': 16, 'required_batch_size_multiple': 8, 'required_seq_len_multiple': 1, 'dataset_impl': None, 'data_buffer_size': 10, 'train_subset': 'train', 'valid_subset': 'valid', 'combine_valid_subsets': None, 'ignore_unused_valid_subsets': False, 'validate_interval': 1, 'validate_interval_updates': 0, 'validate_after_updates': 0, 'fixed_validation_seed': None, 'disable_validation': False, 'max_tokens_valid': None, 'batch_size_valid': 16, 'max_valid_steps': None, 'curriculum': 0, 'gen_subset': 'snli_ve_zeroshot', 'num_shards': 1, 'shard_id': 0}, 'optimization': {'_name': None, 'max_epoch': 0, 'max_update': 0, 'stop_time_hours': 0.0, 'clip_norm': 0.0, 'sentence_avg': False, 'update_freq': [1], 'lr': [0.25], 'stop_min_lr': -1.0, 'use_bmuf': False}, 'checkpoint': {'_name': None, 'save_dir': 'checkpoints', 'restore_file': 'checkpoint_last.pt', 'finetune_from_model': None, 'reset_dataloader': False, 'reset_lr_scheduler': False, 'reset_meters': False, 'reset_optimizer': False, 'optimizer_overrides': '{}', 'save_interval': 1, 'save_interval_updates': 0, 'keep_interval_updates': -1, 'keep_interval_updates_pattern': -1, 'keep_last_epochs': -1, 'keep_best_checkpoints': -1, 'no_save': False, 'no_epoch_checkpoints': False, 'no_last_checkpoints': False, 'no_save_optimizer_state': False, 'best_checkpoint_metric': 'loss', 'maximize_best_checkpoint_metric': False, 'patience': -1, 'checkpoint_suffix': '', 'checkpoint_shard_count': 1, 'load_checkpoint_on_all_dp_ranks': False, 'write_checkpoints_asynchronously': False, 'model_parallel_size': 1, 'use_ema_weights_to_init_param': False, 'use_latest_weights_to_init_ema': False}, 'bmuf': {'_name': None, 'block_lr': 1.0, 'block_momentum': 0.875, 'global_sync_iter': 50, 'warmup_iterations': 500, 'use_nbm': False, 'average_sync': False, 'distributed_world_size': 2}, 'generation': {'_name': None, 'beam': 5, 'nbest': 1, 'max_len_a': 0.0, 'max_len_b': 200, 'min_len': 1, 'match_source_len': False, 'unnormalized': False, 'no_early_stop': False, 'no_beamable_mm': False, 'lenpen': 1.0, 'unkpen': 0.0, 'replace_unk': None, 'sacrebleu': False, 'score_reference': False, 'prefix_size': 0, 'no_repeat_ngram_size': 0, 'sampling': False, 'sampling_topk': -1, 'sampling_topp': -1.0, 'constraints': None, 'temperature': 1.0, 'diverse_beam_groups': -1, 'diverse_beam_strength': 0.5, 'diversity_rate': -1.0, 'print_alignment': None, 'print_step': False, 'lm_path': None, 'lm_weight': 0.0, 'iter_decode_eos_penalty': 0.0, 'iter_decode_max_iter': 10, 'iter_decode_force_max_iter': False, 'iter_decode_with_beam': 1, 'iter_decode_with_external_reranker': False, 'retain_iter_history': False, 'retain_dropout': False, 'retain_dropout_modules': None, 'decoding_format': None, 'no_seed_provided': False}, 'eval_lm': {'_name': None, 'output_word_probs': False, 'output_word_stats': False, 'context_window': 0, 'softmax_batch': 9223372036854775807}, 'interactive': {'_name': None, 'buffer_size': 0, 'input': '-'}, 'model': None, 'task': {'_name': 'snli_ve', 'data': '../../dataset/snli_ve_data/snli_ve_dev.tsv', 'selected_cols': '0,2,3,4,5', 'bpe': None, 'bpe_dir': '../../utils/BPE', 'max_source_positions': 1024, 'max_target_positions': 1024, 'max_src_length': 80, 'max_tgt_length': 30, 'code_dict_size': 8192, 'patch_image_size': 384, 'orig_patch_image_size': 256, 'num_bins': 1000, 'imagenet_default_mean_and_std': False, 'constraint_range': None, 'ans2label_dict': '{"no": 0, "yes":1, "maybe": 2}', 'add_caption': False, 'valid_batch_size': 20, 'prompt_type': 'prev_output'}, 'criterion': {'_name': 'cross_entropy', 'sentence_avg': True}, 'optimizer': None, 'lr_scheduler': {'_name': 'fixed', 'force_anneal': None, 'lr_shrink': 0.1, 'warmup_updates': 0, 'lr': [0.25]}, 'scoring': {'_name': 'bleu', 'pad': 1, 'eos': 2, 'unk': 3}, 'bpe': None, 'tokenizer': None, 'ema': {'_name': None, 'store_ema': False, 'ema_decay': 0.9999, 'ema_start_update': 0, 'ema_seed_model': None, 'ema_update_freq': 1, 'ema_fp32': False}, 'simul_type': None}
2023-05-11 16:05:59 | INFO | ofa.evaluate | loading model(s) from ../../model_checkpoints/ofa_base.pt
2023-05-11 16:05:59 | INFO | ofa.evaluate | {'_name': None, 'common': {'_name': None, 'no_progress_bar': False, 'log_interval': 10, 'log_format': 'simple', 'log_file': None, 'tensorboard_logdir': None, 'wandb_project': None, 'azureml_logging': False, 'seed': 7, 'cpu': False, 'tpu': False, 'bf16': False, 'memory_efficient_bf16': False, 'fp16': True, 'memory_efficient_fp16': False, 'fp16_no_flatten_grads': False, 'fp16_init_scale': 128, 'fp16_scale_window': None, 'fp16_scale_tolerance': 0.0, 'on_cpu_convert_precision': False, 'min_loss_scale': 0.0001, 'threshold_loss_scale': None, 'amp': False, 'amp_batch_retries': 2, 'amp_init_scale': 128, 'amp_scale_window': None, 'user_dir': '../../ofa_module', 'empty_cache_freq': 0, 'all_gather_list_size': 16384, 'model_parallel_size': 1, 'quantization_config_path': None, 'profile': False, 'reset_logging': False, 'suppress_crashes': False, 'use_plasma_view': False, 'plasma_path': '/tmp/plasma'}, 'common_eval': {'_name': None, 'path': '../../model_checkpoints/ofa_base.pt', 'post_process': None, 'quiet': False, 'model_overrides': '{}', 'results_path': '../../results/snli_ve'}, 'distributed_training': {'_name': None, 'distributed_world_size': 2, 'distributed_num_procs': 2, 'distributed_rank': 0, 'distributed_backend': 'nccl', 'distributed_init_method': 'env://', 'distributed_port': -1, 'device_id': 0, 'distributed_no_spawn': True, 'ddp_backend': 'pytorch_ddp', 'ddp_comm_hook': 'none', 'bucket_cap_mb': 25, 'fix_batches_to_gpus': False, 'find_unused_parameters': False, 'gradient_as_bucket_view': False, 'fast_stat_sync': False, 'heartbeat_timeout': -1, 'broadcast_buffers': False, 'slowmo_momentum': None, 'slowmo_algorithm': 'LocalSGD', 'localsgd_frequency': 3, 'nprocs_per_node': 2, 'pipeline_model_parallel': False, 'pipeline_balance': None, 'pipeline_devices': None, 'pipeline_chunks': 0, 'pipeline_encoder_balance': None, 'pipeline_encoder_devices': None, 'pipeline_decoder_balance': None, 'pipeline_decoder_devices': None, 'pipeline_checkpoint': 'never', 'zero_sharding': 'none', 'fp16': True, 'memory_efficient_fp16': False, 'tpu': False, 'no_reshard_after_forward': False, 'fp32_reduce_scatter': False, 'cpu_offload': False, 'use_sharded_state': False}, 'dataset': {'_name': None, 'num_workers': 0, 'skip_invalid_size_inputs_valid_test': False, 'max_tokens': None, 'batch_size': 16, 'required_batch_size_multiple': 8, 'required_seq_len_multiple': 1, 'dataset_impl': None, 'data_buffer_size': 10, 'train_subset': 'train', 'valid_subset': 'valid', 'combine_valid_subsets': None, 'ignore_unused_valid_subsets': False, 'validate_interval': 1, 'validate_interval_updates': 0, 'validate_after_updates': 0, 'fixed_validation_seed': None, 'disable_validation': False, 'max_tokens_valid': None, 'batch_size_valid': 16, 'max_valid_steps': None, 'curriculum': 0, 'gen_subset': 'snli_ve_zeroshot', 'num_shards': 1, 'shard_id': 0}, 'optimization': {'_name': None, 'max_epoch': 0, 'max_update': 0, 'stop_time_hours': 0.0, 'clip_norm': 0.0, 'sentence_avg': False, 'update_freq': [1], 'lr': [0.25], 'stop_min_lr': -1.0, 'use_bmuf': False}, 'checkpoint': {'_name': None, 'save_dir': 'checkpoints', 'restore_file': 'checkpoint_last.pt', 'finetune_from_model': None, 'reset_dataloader': False, 'reset_lr_scheduler': False, 'reset_meters': False, 'reset_optimizer': False, 'optimizer_overrides': '{}', 'save_interval': 1, 'save_interval_updates': 0, 'keep_interval_updates': -1, 'keep_interval_updates_pattern': -1, 'keep_last_epochs': -1, 'keep_best_checkpoints': -1, 'no_save': False, 'no_epoch_checkpoints': False, 'no_last_checkpoints': False, 'no_save_optimizer_state': False, 'best_checkpoint_metric': 'loss', 'maximize_best_checkpoint_metric': False, 'patience': -1, 'checkpoint_suffix': '', 'checkpoint_shard_count': 1, 'load_checkpoint_on_all_dp_ranks': False, 'write_checkpoints_asynchronously': False, 'model_parallel_size': 1, 'use_ema_weights_to_init_param': False, 'use_latest_weights_to_init_ema': False}, 'bmuf': {'_name': None, 'block_lr': 1.0, 'block_momentum': 0.875, 'global_sync_iter': 50, 'warmup_iterations': 500, 'use_nbm': False, 'average_sync': False, 'distributed_world_size': 2}, 'generation': {'_name': None, 'beam': 5, 'nbest': 1, 'max_len_a': 0.0, 'max_len_b': 200, 'min_len': 1, 'match_source_len': False, 'unnormalized': False, 'no_early_stop': False, 'no_beamable_mm': False, 'lenpen': 1.0, 'unkpen': 0.0, 'replace_unk': None, 'sacrebleu': False, 'score_reference': False, 'prefix_size': 0, 'no_repeat_ngram_size': 0, 'sampling': False, 'sampling_topk': -1, 'sampling_topp': -1.0, 'constraints': None, 'temperature': 1.0, 'diverse_beam_groups': -1, 'diverse_beam_strength': 0.5, 'diversity_rate': -1.0, 'print_alignment': None, 'print_step': False, 'lm_path': None, 'lm_weight': 0.0, 'iter_decode_eos_penalty': 0.0, 'iter_decode_max_iter': 10, 'iter_decode_force_max_iter': False, 'iter_decode_with_beam': 1, 'iter_decode_with_external_reranker': False, 'retain_iter_history': False, 'retain_dropout': False, 'retain_dropout_modules': None, 'decoding_format': None, 'no_seed_provided': False}, 'eval_lm': {'_name': None, 'output_word_probs': False, 'output_word_stats': False, 'context_window': 0, 'softmax_batch': 9223372036854775807}, 'interactive': {'_name': None, 'buffer_size': 0, 'input': '-'}, 'model': None, 'task': {'_name': 'snli_ve', 'data': '../../dataset/snli_ve_data/snli_ve_dev.tsv', 'selected_cols': '0,2,3,4,5', 'bpe': None, 'bpe_dir': '../../utils/BPE', 'max_source_positions': 1024, 'max_target_positions': 1024, 'max_src_length': 80, 'max_tgt_length': 30, 'code_dict_size': 8192, 'patch_image_size': 384, 'orig_patch_image_size': 256, 'num_bins': 1000, 'imagenet_default_mean_and_std': False, 'constraint_range': None, 'ans2label_dict': '{"no": 0, "yes":1, "maybe": 2}', 'add_caption': False, 'valid_batch_size': 20, 'prompt_type': 'prev_output'}, 'criterion': {'_name': 'cross_entropy', 'sentence_avg': True}, 'optimizer': None, 'lr_scheduler': {'_name': 'fixed', 'force_anneal': None, 'lr_shrink': 0.1, 'warmup_updates': 0, 'lr': [0.25]}, 'scoring': {'_name': 'bleu', 'pad': 1, 'eos': 2, 'unk': 3}, 'bpe': None, 'tokenizer': None, 'ema': {'_name': None, 'store_ema': False, 'ema_decay': 0.9999, 'ema_start_update': 0, 'ema_seed_model': None, 'ema_update_freq': 1, 'ema_fp32': False}, 'simul_type': None}
2023-05-11 16:05:59 | INFO | ofa.evaluate | loading model(s) from ../../model_checkpoints/ofa_base.pt
2023-05-11 16:05:59 | INFO | tasks.ofa_task | source dictionary: 59457 types
2023-05-11 16:05:59 | INFO | tasks.ofa_task | target dictionary: 59457 types
2023-05-11 16:05:59 | INFO | tasks.ofa_task | source dictionary: 59457 types
2023-05-11 16:05:59 | INFO | tasks.ofa_task | target dictionary: 59457 types
/home/mogunleye/miniconda3/envs/ofa1/lib/python3.9/site-packages/torch/functional.py:568: UserWarning: torch.meshgrid: in an upcoming release, it will be required to pass the indexing argument. (Triggered internally at  /opt/conda/conda-bld/pytorch_1646756402876/work/aten/src/ATen/native/TensorShape.cpp:2228.)
  return _VF.meshgrid(tensors, **kwargs)  # type: ignore[attr-defined]
/home/mogunleye/miniconda3/envs/ofa1/lib/python3.9/site-packages/torch/functional.py:568: UserWarning: torch.meshgrid: in an upcoming release, it will be required to pass the indexing argument. (Triggered internally at  /opt/conda/conda-bld/pytorch_1646756402876/work/aten/src/ATen/native/TensorShape.cpp:2228.)
  return _VF.meshgrid(tensors, **kwargs)  # type: ignore[attr-defined]
local datafile ../../dataset/snli_ve_data/snli_ve_dev.tsv slice_id 0 begin to initialize row_count and line_idx-to-offset mapping
local datafile ../../dataset/snli_ve_data/snli_ve_dev.tsv slice_id 1 begin to initialize row_count and line_idx-to-offset mapping
local datafile ../../dataset/snli_ve_data/snli_ve_dev.tsv slice_id 0 finished initializing row_count and line_idx-to-offset mapping
local datafile ../../dataset/snli_ve_data/snli_ve_dev.tsv slice_id 1 finished initializing row_count and line_idx-to-offset mapping
file ../../dataset/snli_ve_data/snli_ve_dev.tsv slice_id 0 row count 8929 total row count 17858
file ../../dataset/snli_ve_data/snli_ve_dev.tsv slice_id 1 row count 8929 total row count 17858
/home/mogunleye/miniconda3/envs/ofa1/lib/python3.9/site-packages/torchvision/transforms/transforms.py:332: UserWarning: Argument interpolation should be of type InterpolationMode instead of int. Please, use InterpolationMode enum.
  warnings.warn(
/home/mogunleye/miniconda3/envs/ofa1/lib/python3.9/site-packages/torchvision/transforms/transforms.py:332: UserWarning: Argument interpolation should be of type InterpolationMode instead of int. Please, use InterpolationMode enum.
  warnings.warn(
/home/mogunleye/OFA/data/mm_data/snli_ve_dataset.py:60: VisibleDeprecationWarning: Creating an ndarray from ragged nested sequences (which is a list-or-tuple of lists-or-tuples-or ndarrays with different lengths or shapes) is deprecated. If you meant to do this, you must specify 'dtype=object' when creating the ndarray.
  decoder_prompts = np.array([s['decoder_prompt'].tolist() for s in samples])
/home/mogunleye/OFA/data/mm_data/snli_ve_dataset.py:60: VisibleDeprecationWarning: Creating an ndarray from ragged nested sequences (which is a list-or-tuple of lists-or-tuples-or ndarrays with different lengths or shapes) is deprecated. If you meant to do this, you must specify 'dtype=object' when creating the ndarray.
  decoder_prompts = np.array([s['decoder_prompt'].tolist() for s in samples])
2023-05-11 16:06:28 | INFO | fairseq.logging.progress_bar | :     11 / 559 sentences=16
2023-05-11 16:06:28 | INFO | fairseq.logging.progress_bar | :     11 / 559 sentences=16
2023-05-11 16:06:36 | INFO | fairseq.logging.progress_bar | :     21 / 559 sentences=16
2023-05-11 16:06:36 | INFO | fairseq.logging.progress_bar | :     21 / 559 sentences=16
2023-05-11 16:06:44 | INFO | fairseq.logging.progress_bar | :     31 / 559 sentences=16
2023-05-11 16:06:45 | INFO | fairseq.logging.progress_bar | :     31 / 559 sentences=16
2023-05-11 16:06:52 | INFO | fairseq.logging.progress_bar | :     41 / 559 sentences=16
2023-05-11 16:06:52 | INFO | fairseq.logging.progress_bar | :     41 / 559 sentences=16
2023-05-11 16:07:00 | INFO | fairseq.logging.progress_bar | :     51 / 559 sentences=16
2023-05-11 16:07:00 | INFO | fairseq.logging.progress_bar | :     51 / 559 sentences=16
2023-05-11 16:07:08 | INFO | fairseq.logging.progress_bar | :     61 / 559 sentences=16
2023-05-11 16:07:08 | INFO | fairseq.logging.progress_bar | :     61 / 559 sentences=16
2023-05-11 16:07:15 | INFO | fairseq.logging.progress_bar | :     71 / 559 sentences=16
2023-05-11 16:07:15 | INFO | fairseq.logging.progress_bar | :     71 / 559 sentences=16
2023-05-11 16:07:22 | INFO | fairseq.logging.progress_bar | :     81 / 559 sentences=16
2023-05-11 16:07:22 | INFO | fairseq.logging.progress_bar | :     81 / 559 sentences=16
2023-05-11 16:07:29 | INFO | fairseq.logging.progress_bar | :     91 / 559 sentences=16
2023-05-11 16:07:30 | INFO | fairseq.logging.progress_bar | :     91 / 559 sentences=16
2023-05-11 16:07:37 | INFO | fairseq.logging.progress_bar | :    101 / 559 sentences=16
2023-05-11 16:07:37 | INFO | fairseq.logging.progress_bar | :    101 / 559 sentences=16
2023-05-11 16:07:44 | INFO | fairseq.logging.progress_bar | :    111 / 559 sentences=16
2023-05-11 16:07:44 | INFO | fairseq.logging.progress_bar | :    111 / 559 sentences=16
2023-05-11 16:07:51 | INFO | fairseq.logging.progress_bar | :    121 / 559 sentences=16
2023-05-11 16:07:51 | INFO | fairseq.logging.progress_bar | :    121 / 559 sentences=16
2023-05-11 16:07:58 | INFO | fairseq.logging.progress_bar | :    131 / 559 sentences=16
2023-05-11 16:07:59 | INFO | fairseq.logging.progress_bar | :    131 / 559 sentences=16
2023-05-11 16:08:05 | INFO | fairseq.logging.progress_bar | :    141 / 559 sentences=16
2023-05-11 16:08:06 | INFO | fairseq.logging.progress_bar | :    141 / 559 sentences=16
2023-05-11 16:08:12 | INFO | fairseq.logging.progress_bar | :    151 / 559 sentences=16
2023-05-11 16:08:13 | INFO | fairseq.logging.progress_bar | :    151 / 559 sentences=16
2023-05-11 16:08:19 | INFO | fairseq.logging.progress_bar | :    161 / 559 sentences=16
2023-05-11 16:08:20 | INFO | fairseq.logging.progress_bar | :    161 / 559 sentences=16
2023-05-11 16:08:26 | INFO | fairseq.logging.progress_bar | :    171 / 559 sentences=16
2023-05-11 16:08:27 | INFO | fairseq.logging.progress_bar | :    171 / 559 sentences=16
2023-05-11 16:08:33 | INFO | fairseq.logging.progress_bar | :    181 / 559 sentences=16
2023-05-11 16:08:34 | INFO | fairseq.logging.progress_bar | :    181 / 559 sentences=16
2023-05-11 16:08:40 | INFO | fairseq.logging.progress_bar | :    191 / 559 sentences=16
2023-05-11 16:08:41 | INFO | fairseq.logging.progress_bar | :    191 / 559 sentences=16
2023-05-11 16:08:48 | INFO | fairseq.logging.progress_bar | :    201 / 559 sentences=16
2023-05-11 16:08:48 | INFO | fairseq.logging.progress_bar | :    201 / 559 sentences=16
2023-05-11 16:08:55 | INFO | fairseq.logging.progress_bar | :    211 / 559 sentences=16
2023-05-11 16:08:55 | INFO | fairseq.logging.progress_bar | :    211 / 559 sentences=16
2023-05-11 16:09:02 | INFO | fairseq.logging.progress_bar | :    221 / 559 sentences=16
2023-05-11 16:09:03 | INFO | fairseq.logging.progress_bar | :    221 / 559 sentences=16
2023-05-11 16:09:09 | INFO | fairseq.logging.progress_bar | :    231 / 559 sentences=16
2023-05-11 16:09:10 | INFO | fairseq.logging.progress_bar | :    231 / 559 sentences=16
2023-05-11 16:09:16 | INFO | fairseq.logging.progress_bar | :    241 / 559 sentences=16
2023-05-11 16:09:17 | INFO | fairseq.logging.progress_bar | :    241 / 559 sentences=16
2023-05-11 16:09:23 | INFO | fairseq.logging.progress_bar | :    251 / 559 sentences=16
2023-05-11 16:09:24 | INFO | fairseq.logging.progress_bar | :    251 / 559 sentences=16
2023-05-11 16:09:30 | INFO | fairseq.logging.progress_bar | :    261 / 559 sentences=16
2023-05-11 16:09:32 | INFO | fairseq.logging.progress_bar | :    261 / 559 sentences=16
2023-05-11 16:09:37 | INFO | fairseq.logging.progress_bar | :    271 / 559 sentences=16
2023-05-11 16:09:39 | INFO | fairseq.logging.progress_bar | :    271 / 559 sentences=16
2023-05-11 16:09:45 | INFO | fairseq.logging.progress_bar | :    281 / 559 sentences=16
2023-05-11 16:09:46 | INFO | fairseq.logging.progress_bar | :    281 / 559 sentences=16
2023-05-11 16:09:52 | INFO | fairseq.logging.progress_bar | :    291 / 559 sentences=16
2023-05-11 16:09:53 | INFO | fairseq.logging.progress_bar | :    291 / 559 sentences=16
2023-05-11 16:09:59 | INFO | fairseq.logging.progress_bar | :    301 / 559 sentences=16
2023-05-11 16:10:00 | INFO | fairseq.logging.progress_bar | :    301 / 559 sentences=16
2023-05-11 16:10:06 | INFO | fairseq.logging.progress_bar | :    311 / 559 sentences=16
2023-05-11 16:10:07 | INFO | fairseq.logging.progress_bar | :    311 / 559 sentences=16
2023-05-11 16:10:13 | INFO | fairseq.logging.progress_bar | :    321 / 559 sentences=16
2023-05-11 16:10:15 | INFO | fairseq.logging.progress_bar | :    321 / 559 sentences=16
2023-05-11 16:10:21 | INFO | fairseq.logging.progress_bar | :    331 / 559 sentences=16
2023-05-11 16:10:22 | INFO | fairseq.logging.progress_bar | :    331 / 559 sentences=16
2023-05-11 16:10:28 | INFO | fairseq.logging.progress_bar | :    341 / 559 sentences=16
2023-05-11 16:10:29 | INFO | fairseq.logging.progress_bar | :    341 / 559 sentences=16
2023-05-11 16:10:35 | INFO | fairseq.logging.progress_bar | :    351 / 559 sentences=16
2023-05-11 16:10:36 | INFO | fairseq.logging.progress_bar | :    351 / 559 sentences=16
2023-05-11 16:10:42 | INFO | fairseq.logging.progress_bar | :    361 / 559 sentences=16
2023-05-11 16:10:44 | INFO | fairseq.logging.progress_bar | :    361 / 559 sentences=16
2023-05-11 16:10:49 | INFO | fairseq.logging.progress_bar | :    371 / 559 sentences=16
2023-05-11 16:10:51 | INFO | fairseq.logging.progress_bar | :    371 / 559 sentences=16
2023-05-11 16:10:56 | INFO | fairseq.logging.progress_bar | :    381 / 559 sentences=16
2023-05-11 16:10:58 | INFO | fairseq.logging.progress_bar | :    381 / 559 sentences=16
2023-05-11 16:11:04 | INFO | fairseq.logging.progress_bar | :    391 / 559 sentences=16
2023-05-11 16:11:05 | INFO | fairseq.logging.progress_bar | :    391 / 559 sentences=16
2023-05-11 16:11:11 | INFO | fairseq.logging.progress_bar | :    401 / 559 sentences=16
2023-05-11 16:11:12 | INFO | fairseq.logging.progress_bar | :    401 / 559 sentences=16
2023-05-11 16:11:18 | INFO | fairseq.logging.progress_bar | :    411 / 559 sentences=16
2023-05-11 16:11:19 | INFO | fairseq.logging.progress_bar | :    411 / 559 sentences=16
2023-05-11 16:11:25 | INFO | fairseq.logging.progress_bar | :    421 / 559 sentences=16
2023-05-11 16:11:26 | INFO | fairseq.logging.progress_bar | :    421 / 559 sentences=16
2023-05-11 16:11:32 | INFO | fairseq.logging.progress_bar | :    431 / 559 sentences=16
2023-05-11 16:11:33 | INFO | fairseq.logging.progress_bar | :    431 / 559 sentences=16
2023-05-11 16:11:39 | INFO | fairseq.logging.progress_bar | :    441 / 559 sentences=16
2023-05-11 16:11:41 | INFO | fairseq.logging.progress_bar | :    441 / 559 sentences=16
2023-05-11 16:11:47 | INFO | fairseq.logging.progress_bar | :    451 / 559 sentences=16
2023-05-11 16:11:48 | INFO | fairseq.logging.progress_bar | :    451 / 559 sentences=16
2023-05-11 16:11:54 | INFO | fairseq.logging.progress_bar | :    461 / 559 sentences=16
2023-05-11 16:11:55 | INFO | fairseq.logging.progress_bar | :    461 / 559 sentences=16
2023-05-11 16:12:01 | INFO | fairseq.logging.progress_bar | :    471 / 559 sentences=16
2023-05-11 16:12:02 | INFO | fairseq.logging.progress_bar | :    471 / 559 sentences=16
2023-05-11 16:12:08 | INFO | fairseq.logging.progress_bar | :    481 / 559 sentences=16
2023-05-11 16:12:09 | INFO | fairseq.logging.progress_bar | :    481 / 559 sentences=16
2023-05-11 16:12:15 | INFO | fairseq.logging.progress_bar | :    491 / 559 sentences=16
2023-05-11 16:12:16 | INFO | fairseq.logging.progress_bar | :    491 / 559 sentences=16
2023-05-11 16:12:22 | INFO | fairseq.logging.progress_bar | :    501 / 559 sentences=16
2023-05-11 16:12:24 | INFO | fairseq.logging.progress_bar | :    501 / 559 sentences=16
2023-05-11 16:12:29 | INFO | fairseq.logging.progress_bar | :    511 / 559 sentences=16
2023-05-11 16:12:31 | INFO | fairseq.logging.progress_bar | :    511 / 559 sentences=16
2023-05-11 16:12:36 | INFO | fairseq.logging.progress_bar | :    521 / 559 sentences=16
2023-05-11 16:12:38 | INFO | fairseq.logging.progress_bar | :    521 / 559 sentences=16
2023-05-11 16:12:43 | INFO | fairseq.logging.progress_bar | :    531 / 559 sentences=16
2023-05-11 16:12:45 | INFO | fairseq.logging.progress_bar | :    531 / 559 sentences=16
2023-05-11 16:12:50 | INFO | fairseq.logging.progress_bar | :    541 / 559 sentences=16
2023-05-11 16:12:53 | INFO | fairseq.logging.progress_bar | :    541 / 559 sentences=16
2023-05-11 16:12:57 | INFO | fairseq.logging.progress_bar | :    551 / 559 sentences=16
2023-05-11 16:12:58 | INFO | fairseq.logging.progress_bar | :    551 / 559 sentences=16
2023-05-11 16:13:01 | INFO | ofa.evaluate | score_sum: tensor([8982.], device='cuda:0'), score_cnt: tensor([17858.], device='cuda:0'), score: 0.503
2023-05-11 16:13:01 | INFO | ofa.evaluate | score_sum: tensor([8982.], device='cuda:1'), score_cnt: tensor([17858.], device='cuda:1'), score: 0.503
2023-05-11 16:13:01 | INFO | torch.distributed.distributed_c10d | Added key: store_based_barrier_key:2 to store for rank: 1
2023-05-11 16:13:01 | INFO | torch.distributed.distributed_c10d | Added key: store_based_barrier_key:2 to store for rank: 0
2023-05-11 16:13:01 | INFO | torch.distributed.distributed_c10d | Rank 0: Completed store-based barrier for key:store_based_barrier_key:2 with 2 nodes.
2023-05-11 16:13:01 | INFO | torch.distributed.distributed_c10d | Rank 1: Completed store-based barrier for key:store_based_barrier_key:2 with 2 nodes.
